---
source: shellfirm/tests/checks.rs
expression: test_file_results
snapshot_kind: text
---
[
    TestSensitivePatternsResult {
        file_path: "heroku-restart_app_dynos.yaml",
        test: "heroku ps:restart",
        check_detection_ids: [
            "heroku:restart_app_dynos",
        ],
        test_description: "match command",
    },
    TestSensitivePatternsResult {
        file_path: "heroku-restart_app_dynos.yaml",
        test: "heroku   ps:restart",
        check_detection_ids: [
            "heroku:restart_app_dynos",
        ],
        test_description: "match command with spaces",
    },
    TestSensitivePatternsResult {
        file_path: "heroku-restart_app_dynos.yaml",
        test: "herokuu ps:restart",
        check_detection_ids: [],
        test_description: "invalid command",
    },
]
