---
source: shellfirm/tests/checks.rs
expression: test_file_results
snapshot_kind: text
---
[
    TestSensitivePatternsResult {
        file_path: "git-delete_all.yaml",
        test: "git  rm *",
        check_detection_ids: [
            "git:delete_all",
        ],
        test_description: "match command",
    },
    TestSensitivePatternsResult {
        file_path: "git-delete_all.yaml",
        test: "git rm .",
        check_detection_ids: [
            "git:delete_all",
        ],
        test_description: "match command",
    },
    TestSensitivePatternsResult {
        file_path: "git-delete_all.yaml",
        test: "gitt rm",
        check_detection_ids: [],
        test_description: "invalid command",
    },
]
