---
source: shellfirm/tests/checks.rs
expression: test_file_results
snapshot_kind: text
---
[
    TestSensitivePatternsResult {
        file_path: "fs-strict-any_deletion.yaml",
        test: "rm Cargo.toml",
        check_detection_ids: [
            "fs-strict:any_deletion",
        ],
        test_description: "match command by finding existing file",
    },
    TestSensitivePatternsResult {
        file_path: "fs-strict-any_deletion.yaml",
        test: "rm src",
        check_detection_ids: [
            "fs-strict:any_deletion",
        ],
        test_description: "match command by finding folder",
    },
    TestSensitivePatternsResult {
        file_path: "fs-strict-any_deletion.yaml",
        test: "rm -rf src",
        check_detection_ids: [
            "fs-strict:any_deletion",
        ],
        test_description: "match command by finding folder with flags",
    },
    TestSensitivePatternsResult {
        file_path: "fs-strict-any_deletion.yaml",
        test: "rm -r src",
        check_detection_ids: [
            "fs-strict:any_deletion",
        ],
        test_description: "match command by finding folder with flags",
    },
    TestSensitivePatternsResult {
        file_path: "fs-strict-any_deletion.yaml",
        test: "rm -fr src",
        check_detection_ids: [
            "fs-strict:any_deletion",
        ],
        test_description: "match command by finding folder with flags",
    },
    TestSensitivePatternsResult {
        file_path: "fs-strict-any_deletion.yaml",
        test: "rm -f src",
        check_detection_ids: [
            "fs-strict:any_deletion",
        ],
        test_description: "match command by finding folder with flags",
    },
    TestSensitivePatternsResult {
        file_path: "fs-strict-any_deletion.yaml",
        test: "rmm test.txt",
        check_detection_ids: [],
        test_description: "invalid rm name",
    },
    TestSensitivePatternsResult {
        file_path: "fs-strict-any_deletion.yaml",
        test: "rm",
        check_detection_ids: [],
        test_description: "without arguments",
    },
    TestSensitivePatternsResult {
        file_path: "fs-strict-any_deletion.yaml",
        test: "rm -R src",
        check_detection_ids: [
            "fs-strict:any_deletion",
        ],
        test_description: "with capital r",
    },
    TestSensitivePatternsResult {
        file_path: "fs-strict-any_deletion.yaml",
        test: "rm -Rf src",
        check_detection_ids: [
            "fs-strict:any_deletion",
        ],
        test_description: "with capital r",
    },
    TestSensitivePatternsResult {
        file_path: "fs-strict-any_deletion.yaml",
        test: "rm -fR src",
        check_detection_ids: [
            "fs-strict:any_deletion",
        ],
        test_description: "with capital r",
    },
]
